Microsoft (R) Macro Assembler Version 14.00.24210.0	    03/05/17 22:10:57
*Sorting Random Numbers	(eleyProgram05.asm		     Page 1 - 1


				TITLE Sorting Random Numbers	(eleyProgram05.asm)

				; Author: Frederick Eley eleyf@oregonstate.edu
				; Course / Project ID: CS271-400 Project 5                Date: 3/05/17
				; Description: This program will create an array of a specified number of random values.
				;				It will use procedures to
				;				display the program title and programmer's name,
				;				get and validate the user input,
				;				fill an array with random numbers,
				;				sort the array,
				;				display the array,
				;				and display the median.

				INCLUDE Irvine32.inc
			      C ; Include file for Irvine32.lib             (Irvine32.inc)
			      C 
			      C ;OPTION CASEMAP:NONE		; optional: make identifiers case-sensitive
			      C 
			      C INCLUDE SmallWin.inc		; MS-Windows prototypes, structures, and constants
			      C .NOLIST
			      C .LIST
			      C 
			      C INCLUDE VirtualKeys.inc
			      C ; VirtualKeys.inc
			      C .NOLIST
			      C .LIST
			      C 
			      C 
			      C .NOLIST
			      C .LIST
			      C 

 = 0000000A				MIN = 10
 = 000000C8				MAX = 200
 = 00000064				LO	= 100
 = 000003E7				HI	= 999

 00000000			.data
 00000000 53 6F 72 74 69		intro1			BYTE "Sorting Random Numbers", 0 
	   6E 67 20 52 61
	   6E 64 6F 6D 20
	   4E 75 6D 62 65
	   72 73 00
 00000017 50 72 6F 67 72		intro2			BYTE "Programmed By Frederick Eley", 0
	   61 6D 6D 65 64
	   20 42 79 20 46
	   72 65 64 65 72
	   69 63 6B 20 45
	   6C 65 79 00
 00000034 54 68 69 73 20		instructions1	BYTE "This program generates random numbers in the range [100 .. 999],", 0
	   70 72 6F 67 72
	   61 6D 20 67 65
	   6E 65 72 61 74
	   65 73 20 72 61
	   6E 64 6F 6D 20
	   6E 75 6D 62 65
	   72 73 20 69 6E
	   20 74 68 65 20
	   72 61 6E 67 65
	   20 5B 31 30 30
	   20 2E 2E 20 39
	   39 39 5D 2C 00
 00000075 64 69 73 70 6C		instructions2	BYTE "displays the original list, sorts the list, and calculates the", 0
	   61 79 73 20 74
	   68 65 20 6F 72
	   69 67 69 6E 61
	   6C 20 6C 69 73
	   74 2C 20 73 6F
	   72 74 73 20 74
	   68 65 20 6C 69
	   73 74 2C 20 61
	   6E 64 20 63 61
	   6C 63 75 6C 61
	   74 65 73 20 74
	   68 65 00
 000000B4 6D 65 64 69 61		instructions3	BYTE "median value. Finally, it displays the list sorted in descending order.", 0
	   6E 20 76 61 6C
	   75 65 2E 20 46
	   69 6E 61 6C 6C
	   79 2C 20 69 74
	   20 64 69 73 70
	   6C 61 79 73 20
	   74 68 65 20 6C
	   69 73 74 20 73
	   6F 72 74 65 64
	   20 69 6E 20 64
	   65 73 63 65 6E
	   64 69 6E 67 20
	   6F 72 64 65 72
	   2E 00
 000000FC 48 6F 77 20 6D		validate1		BYTE "How many numbers should be generated? [10 .. 200]: ",0
	   61 6E 79 20 6E
	   75 6D 62 65 72
	   73 20 73 68 6F
	   75 6C 64 20 62
	   65 20 67 65 6E
	   65 72 61 74 65
	   64 3F 20 5B 31
	   30 20 2E 2E 20
	   32 30 30 5D 3A
	   20 00
 00000130 49 6E 76 61 6C		validate2		BYTE "Invalid input.",0
	   69 64 20 69 6E
	   70 75 74 2E 00
 0000013F 20 20 20 00			spaces			BYTE "   ",0
 00000143 54 68 65 20 75		titleUnsorted	BYTE "The unsorted radom numbers:",0
	   6E 73 6F 72 74
	   65 64 20 72 61
	   64 6F 6D 20 6E
	   75 6D 62 65 72
	   73 3A 00
 0000015F 54 68 65 20 73		titleSorted		BYTE "The sorted list:",0
	   6F 72 74 65 64
	   20 6C 69 73 74
	   3A 00
 00000170 54 68 65 20 6D		median1			BYTE "The median is ",0
	   65 64 69 61 6E
	   20 69 73 20 00
 0000017F 00000000			request			DWORD ?
 00000183				array			DWORD MAX DUP(?)
 000004A3 00000000			lineCounter		DWORD ?



 00000000			.code
 00000000			main PROC

 00000000  E8 00000000 E		call	Randomize

 00000005  E8 0000006B			call	introduction

					;get user data
 0000000A  68 0000017F R		push	OFFSET	request
 0000000F  E8 00000085			call	getUserData

					;fill array
 00000014  68 00000183 R		push	OFFSET	array
 00000019  FF 35 0000017F R		push	request
 0000001F  E8 000000DD			call	fillArray

					;display unsorted list
 00000024  68 00000143 R		push	OFFSET	titleUnsorted
 00000029  68 00000183 R		push	OFFSET	array
 0000002E  FF 35 0000017F R		push	request
 00000034  E8 000000EE			call	displayList

					;sort list
 00000039  68 00000183 R		push	OFFSET	array
 0000003E  FF 35 0000017F R		push	request
 00000044  E8 00000140			call	sortList

					;display median
 00000049  68 00000183 R		push	OFFSET array
 0000004E  FF 35 0000017F R		push	request
 00000054  E8 00000153			call	displayMedian

					;display sorted list
 00000059  68 0000015F R		push	OFFSET	titleSorted
 0000005E  68 00000183 R		push	OFFSET	array
 00000063  FF 35 0000017F R		push	request
 00000069  E8 000000B9			call	displayList
					 
						
					exit	; exit to operating system
 0000006E  6A 00	   *	    push   +000000000h
 00000070  E8 00000000 E   *	    call   ExitProcess
 00000075			main ENDP


				;************************************
				;Procedure to introduce the program
				;receives:	none
				;returns:	none
				;preconditions:	none
				;registers changed:	edx
				;************************************
 00000075			introduction PROC

					;Display program title and programmer's name
 00000075  BA 00000000 R			mov		edx, OFFSET intro1
 0000007A  E8 00000000 E			call	WriteString
 0000007F  E8 00000000 E			call	CrLf
 00000084  BA 00000017 R			mov		edx, OFFSET intro2
 00000089  E8 00000000 E			call	WriteString
 0000008E  E8 00000000 E			call	CrLf
 00000093  E8 00000000 E			call	CrLf

 00000098  C3					ret
 00000099			introduction ENDP


				;*********************************************************************
				;Procedure to get the total number of values to display from the user
				;receives:	address of request on system stack 
				;returns:	user value put into address of request
				;preconditions:	none
				;registers changed:	ebx, edx...eax changed by validate procedure
				;**********************************************************************
 00000099			getUserData	PROC

					;display instructions for data input
 00000099  55					push	ebp
 0000009A  8B EC				mov		ebp,esp 
 0000009C  BA 00000034 R			mov		edx, OFFSET instructions1
 000000A1  E8 00000000 E			call	WriteString
 000000A6  E8 00000000 E			call	CrLf
 000000AB  BA 00000075 R			mov		edx, OFFSET instructions2
 000000B0  E8 00000000 E			call	WriteString
 000000B5  E8 00000000 E			call	CrLf
 000000BA  E8 00000000 E			call	CrLf

 000000BF  E8 0000000E				call	validate

 000000C4  8B 5D 08				mov		ebx,[ebp+8]
 000000C7  89 03				mov		[ebx],eax
 000000C9  5D					pop		ebp
 000000CA  E8 00000000 E			call	CrLf
 000000CF  C2 0004				ret		4
 000000D2			getUserData	ENDP


				;***************************************************************
				;Procedure to get and validate the number of values to display
				;receives:	none
				;returns:	number of values to be calculated in eax
				;preconditions:	none
				;registers changed:	eax, edx
				;***************************************************************
 000000D2			validate PROC

					;post-test do-while loop to get and verify data
 000000D2					validationLoop:
 000000D2  BA 000000FC R				mov		edx, OFFSET validate1
 000000D7  E8 00000000 E				call	WriteString
 000000DC  E8 00000000 E				call	ReadInt
 000000E1  83 F8 0A					cmp		eax, MIN
 000000E4  7C 09					jl		outOfRange				;if less than MIN go to outOfRange
 000000E6  3D 000000C8					cmp		eax, MAX
 000000EB  7F 02					jg		outOfRange				;if greater than MAX go to outOfRange
 000000ED  EB 11					jmp		endValidationLoop

						;display out of range message and jump back to
						;beginning of validation loop
						
 000000EF							outOfRange:
 000000EF  BA 00000130 R						mov		edx, OFFSET validate2
 000000F4  E8 00000000 E						call	WriteString
 000000F9  E8 00000000 E						call	CrLf
 000000FE  EB D2							jmp		validationLoop

 00000100					endValidationLoop:

 00000100  C3				ret
 00000101			validate ENDP


				; ***************************************************************
				; Procedure to put random numbers into the array. 
				; receives: address of array and value of request on system stack 
				; returns: first request elements of array contain random numbers 
				; preconditions: request is initialized, MIN <= request <= MAX 
				; registers changed: eax, ebx, ecx, edi 
				; *************************************************************** 
 00000101			fillArray PROC

 00000101  55					push	ebp 
 00000102  8B EC				mov		ebp,esp 
 00000104  8B 4D 08				mov		ecx,[ebp+8]		;request in ecx 
 00000107  8B 7D 0C				mov		edi,[ebp+12]	;address of array in edi


 0000010A				fillLoop:		
						;generate random number
 0000010A  B8 000003E7					mov		eax, HI
 0000010F  83 E8 64					sub		eax, LO
 00000112  40						inc		eax
 00000113  E8 00000000 E				call	RandomRange
 00000118  83 C0 64					add		eax, LO

 0000011B  89 07				mov		[edi],eax 
 0000011D  83 C7 04				add		edi,4 
 00000120  43					inc		ebx 
 00000121  E2 E7				loop	fillLoop

 00000123  5D					pop		ebp 
 00000124  C2 0008				ret		8

 00000127			fillArray ENDP


				; ***************************************************************
				; Procedure to display list
				; receives: address of array, address of title and
				;			value of request on system stack
				; returns: none 
				; preconditions: request is initialized, MIN <= request <= MAX 
				; registers changed: eax, ecx, edx, esi 
				; *************************************************************** 
 00000127			displayList PROC

 00000127  55					push	ebp 
 00000128  8B EC				mov		ebp,esp 
 0000012A  8B 4D 08				mov		ecx,[ebp+8]		;request in ecx 
 0000012D  8B 75 0C				mov		esi,[ebp+12]	;address of array in esi
 00000130  C7 05 000004A3 R			mov		lineCounter, 0
	   00000000

 0000013A  8B 55 10				mov		edx, [ebp+16]	;address of title in edx
 0000013D  E8 00000000 E			call	WriteString
 00000142  E8 00000000 E			call	CrLf


 00000147				displayLoop:
 00000147  8B 06				mov		eax,[esi]
 00000149  E8 00000000 E			call	WriteDec
 0000014E  BA 0000013F R			mov		edx, OFFSET spaces
 00000153  E8 00000000 E			call	WriteString
 00000158  83 C6 04				add		esi,4
 0000015B  FF 05 000004A3 R			inc		lineCounter
 00000161  83 3D 000004A3 R			cmp		lineCounter, 10
	   0A
 00000168  7C 0F				jl		endLoop
 0000016A  E8 00000000 E			call	CrLf
 0000016F  C7 05 000004A3 R			mov		lineCounter, 0
	   00000000

 00000179					endLoop:
 00000179  E2 CC					loop	displayLoop

 0000017B  E8 00000000 E			call	CrLf
 00000180  E8 00000000 E			call	CrLf

 00000185  5D					pop		ebp 
 00000186  C2 000C				ret		12

 00000189			displayList ENDP


				; ***************************************************************
				; Procedure to sort list
				; receives: address of array and value of request on system stack
				; returns: elements of array sorted in descending oreder 
				; preconditions: request is initialized, MIN <= request <= MAX 
				; registers changed: eax, ecx, esi 
				; ***************************************************************
 00000189			sortList PROC

 00000189  55					push	ebp 
 0000018A  8B EC				mov		ebp,esp 
 0000018C  8B 4D 08				mov		ecx,[ebp+8]		;request in ecx
 0000018F  49					dec		ecx

 00000190				outerLoop:
 00000190  51					push	ecx
 00000191  8B 75 0C				mov		esi,[ebp+12]	;address of array in esi

 00000194				innerLoop:
 00000194  8B 06				mov		eax,[esi]
 00000196  39 46 04				cmp		[esi+4],eax
 00000199  7C 05				jl		endInnerLoop
 0000019B  87 46 04				xchg	eax,[esi+4]
 0000019E  89 06				mov		[esi],eax

 000001A0				endInnerLoop:
 000001A0  83 C6 04				add		esi,4
 000001A3  E2 EF				loop	innerLoop

 000001A5  59					pop		ecx
 000001A6  E2 E8				loop	outerLoop

 000001A8				endOuterLoop:

 000001A8  5D					pop		ebp 
 000001A9  C2 0008				ret		8

 000001AC			sortList ENDP


				; ***************************************************************
				; Procedure to display median
				; receives: address of array and value of request on system stack
				; returns: none
				; preconditions: request is initialized, MIN <= request <= MAX, 
				;				 list is sorted
				; registers changed: eax, ebx, edx, esi 
				; ***************************************************************
 000001AC			displayMedian PROC

 000001AC  55					push	ebp 
 000001AD  8B EC				mov		ebp,esp 
 000001AF  8B 45 08				mov		eax,[ebp+8]		;request in eax
 000001B2  BA 00000000				mov		edx, 0
 000001B7  BB 00000002				mov		ebx, 2
 000001BC  F7 F3				div		ebx				
 000001BE  BB 00000004				mov		ebx, 4
 000001C3  F7 E3				mul		ebx				;multiple by 4 because DWORD
												;median position is in eax

 000001C5  8B 75 0C				mov		esi,[ebp+12]	;address of array in esi
 000001C8  03 F0				add		esi, eax
 000001CA  8B 06				mov		eax, [esi]

 000001CC  BA 00000170 R			mov		edx, OFFSET median1
 000001D1  E8 00000000 E			call	WriteString
 000001D6  E8 00000000 E			call	WriteDec

 000001DB  E8 00000000 E			call	CrLf
 000001E0  E8 00000000 E			call	CrLf

 000001E5  5D					pop		ebp 
 000001E6  C2 0008				ret		8

 000001E9			displayMedian ENDP



				END main
Microsoft (R) Macro Assembler Version 14.00.24210.0	    03/05/17 22:10:57
*Sorting Random Numbers	(eleyProgram05.asm		     Symbols 2 - 1




Structures and Unions:

                N a m e                  Size
                                         Offset      Type

CONSOLE_CURSOR_INFO  . . . . . .	 00000008
  dwSize . . . . . . . . . . . .	 00000000	 DWord
  bVisible . . . . . . . . . . .	 00000004	 DWord
CONSOLE_SCREEN_BUFFER_INFO . . .	 00000016
  dwSize . . . . . . . . . . . .	 00000000	 DWord
  dwCursorPosition . . . . . . .	 00000004	 DWord
  wAttributes  . . . . . . . . .	 00000008	 Word
  srWindow . . . . . . . . . . .	 0000000A	 QWord
  dwMaximumWindowSize  . . . . .	 00000012	 DWord
COORD  . . . . . . . . . . . . .	 00000004
  X  . . . . . . . . . . . . . .	 00000000	 Word
  Y  . . . . . . . . . . . . . .	 00000002	 Word
FILETIME . . . . . . . . . . . .	 00000008
  loDateTime . . . . . . . . . .	 00000000	 DWord
  hiDateTime . . . . . . . . . .	 00000004	 DWord
FOCUS_EVENT_RECORD . . . . . . .	 00000004
  bSetFocus  . . . . . . . . . .	 00000000	 DWord
FPU_ENVIRON  . . . . . . . . . .	 0000001C
  controlWord  . . . . . . . . .	 00000000	 Word
  statusWord . . . . . . . . . .	 00000004	 Word
  tagWord  . . . . . . . . . . .	 00000008	 Word
  instrPointerOffset . . . . . .	 0000000C	 DWord
  instrPointerSelector . . . . .	 00000010	 DWord
  operandPointerOffset . . . . .	 00000014	 DWord
  operandPointerSelector . . . .	 00000018	 Word
INPUT_RECORD . . . . . . . . . .	 00000014
  EventType  . . . . . . . . . .	 00000000	 Word
  Event  . . . . . . . . . . . .	 00000004	 XmmWord
  bKeyDown . . . . . . . . . . .	 00000000	 DWord
  wRepeatCount . . . . . . . . .	 00000004	 Word
  wVirtualKeyCode  . . . . . . .	 00000006	 Word
  wVirtualScanCode . . . . . . .	 00000008	 Word
  uChar  . . . . . . . . . . . .	 0000000A	 Word
  UnicodeChar  . . . . . . . . .	 00000000	 Word
  AsciiChar  . . . . . . . . . .	 00000000	 Byte
  dwControlKeyState  . . . . . .	 0000000C	 DWord
  dwMousePosition  . . . . . . .	 00000000	 DWord
  dwButtonState  . . . . . . . .	 00000004	 DWord
  dwMouseControlKeyState . . . .	 00000008	 DWord
  dwEventFlags . . . . . . . . .	 0000000C	 DWord
  dwSize . . . . . . . . . . . .	 00000000	 DWord
  dwCommandId  . . . . . . . . .	 00000000	 DWord
  bSetFocus  . . . . . . . . . .	 00000000	 DWord
KEY_EVENT_RECORD . . . . . . . .	 00000010
  bKeyDown . . . . . . . . . . .	 00000000	 DWord
  wRepeatCount . . . . . . . . .	 00000004	 Word
  wVirtualKeyCode  . . . . . . .	 00000006	 Word
  wVirtualScanCode . . . . . . .	 00000008	 Word
  uChar  . . . . . . . . . . . .	 0000000A	 Word
  UnicodeChar  . . . . . . . . .	 00000000	 Word
  AsciiChar  . . . . . . . . . .	 00000000	 Byte
  dwControlKeyState  . . . . . .	 0000000C	 DWord
MENU_EVENT_RECORD  . . . . . . .	 00000004
  dwCommandId  . . . . . . . . .	 00000000	 DWord
MOUSE_EVENT_RECORD . . . . . . .	 00000010
  dwMousePosition  . . . . . . .	 00000000	 DWord
  dwButtonState  . . . . . . . .	 00000004	 DWord
  dwMouseControlKeyState . . . .	 00000008	 DWord
  dwEventFlags . . . . . . . . .	 0000000C	 DWord
SMALL_RECT . . . . . . . . . . .	 00000008
  Left . . . . . . . . . . . . .	 00000000	 Word
  Top  . . . . . . . . . . . . .	 00000002	 Word
  Right  . . . . . . . . . . . .	 00000004	 Word
  Bottom . . . . . . . . . . . .	 00000006	 Word
SYSTEMTIME . . . . . . . . . . .	 00000010
  wYear  . . . . . . . . . . . .	 00000000	 Word
  wMonth . . . . . . . . . . . .	 00000002	 Word
  wDayOfWeek . . . . . . . . . .	 00000004	 Word
  wDay . . . . . . . . . . . . .	 00000006	 Word
  wHour  . . . . . . . . . . . .	 00000008	 Word
  wMinute  . . . . . . . . . . .	 0000000A	 Word
  wSecond  . . . . . . . . . . .	 0000000C	 Word
  wMilliseconds  . . . . . . . .	 0000000E	 Word
WINDOW_BUFFER_SIZE_RECORD  . . .	 00000004
  dwSize . . . . . . . . . . . .	 00000000	 DWord


Segments and Groups:

                N a m e                 Size     Length   Align   Combine Class

FLAT . . . . . . . . . . . . . .	GROUP
STACK  . . . . . . . . . . . . .	32 Bit	 00001000 Para	  Stack	  'STACK'	 
_DATA  . . . . . . . . . . . . .	32 Bit	 000004A7 Para	  Public  'DATA'	
_TEXT  . . . . . . . . . . . . .	32 Bit	 000001E9 Para	  Public  'CODE'	


Procedures, parameters, and locals:

                N a m e                 Type     Value    Attr

CloseFile  . . . . . . . . . . .	P Near	 00000000 FLAT	Length= 00000000 External STDCALL
CloseHandle  . . . . . . . . . .	P Near	 00000000 FLAT	Length= 00000000 External STDCALL
Clrscr . . . . . . . . . . . . .	P Near	 00000000 FLAT	Length= 00000000 External STDCALL
CreateFileA  . . . . . . . . . .	P Near	 00000000 FLAT	Length= 00000000 External STDCALL
CreateOutputFile . . . . . . . .	P Near	 00000000 FLAT	Length= 00000000 External STDCALL
Crlf . . . . . . . . . . . . . .	P Near	 00000000 FLAT	Length= 00000000 External STDCALL
Delay  . . . . . . . . . . . . .	P Near	 00000000 FLAT	Length= 00000000 External STDCALL
DumpMem  . . . . . . . . . . . .	P Near	 00000000 FLAT	Length= 00000000 External STDCALL
DumpRegs . . . . . . . . . . . .	P Near	 00000000 FLAT	Length= 00000000 External STDCALL
ExitProcess  . . . . . . . . . .	P Near	 00000000 FLAT	Length= 00000000 External STDCALL
FileTimeToDosDateTime  . . . . .	P Near	 00000000 FLAT	Length= 00000000 External STDCALL
FileTimeToSystemTime . . . . . .	P Near	 00000000 FLAT	Length= 00000000 External STDCALL
FlushConsoleInputBuffer  . . . .	P Near	 00000000 FLAT	Length= 00000000 External STDCALL
FormatMessageA . . . . . . . . .	P Near	 00000000 FLAT	Length= 00000000 External STDCALL
GetCommandLineA  . . . . . . . .	P Near	 00000000 FLAT	Length= 00000000 External STDCALL
GetCommandTail . . . . . . . . .	P Near	 00000000 FLAT	Length= 00000000 External STDCALL
GetConsoleCP . . . . . . . . . .	P Near	 00000000 FLAT	Length= 00000000 External STDCALL
GetConsoleCursorInfo . . . . . .	P Near	 00000000 FLAT	Length= 00000000 External STDCALL
GetConsoleMode . . . . . . . . .	P Near	 00000000 FLAT	Length= 00000000 External STDCALL
GetConsoleScreenBufferInfo . . .	P Near	 00000000 FLAT	Length= 00000000 External STDCALL
GetDateTime  . . . . . . . . . .	P Near	 00000000 FLAT	Length= 00000000 External STDCALL
GetFileTime  . . . . . . . . . .	P Near	 00000000 FLAT	Length= 00000000 External STDCALL
GetKeyState  . . . . . . . . . .	P Near	 00000000 FLAT	Length= 00000000 External STDCALL
GetLastError . . . . . . . . . .	P Near	 00000000 FLAT	Length= 00000000 External STDCALL
GetLocalTime . . . . . . . . . .	P Near	 00000000 FLAT	Length= 00000000 External STDCALL
GetMaxXY . . . . . . . . . . . .	P Near	 00000000 FLAT	Length= 00000000 External STDCALL
GetMseconds  . . . . . . . . . .	P Near	 00000000 FLAT	Length= 00000000 External STDCALL
GetNumberOfConsoleInputEvents  .	P Near	 00000000 FLAT	Length= 00000000 External STDCALL
GetProcessHeap . . . . . . . . .	P Near	 00000000 FLAT	Length= 00000000 External STDCALL
GetStdHandle . . . . . . . . . .	P Near	 00000000 FLAT	Length= 00000000 External STDCALL
GetSystemTime  . . . . . . . . .	P Near	 00000000 FLAT	Length= 00000000 External STDCALL
GetTextColor . . . . . . . . . .	P Near	 00000000 FLAT	Length= 00000000 External STDCALL
GetTickCount . . . . . . . . . .	P Near	 00000000 FLAT	Length= 00000000 External STDCALL
Gotoxy . . . . . . . . . . . . .	P Near	 00000000 FLAT	Length= 00000000 External STDCALL
HeapAlloc  . . . . . . . . . . .	P Near	 00000000 FLAT	Length= 00000000 External STDCALL
HeapCreate . . . . . . . . . . .	P Near	 00000000 FLAT	Length= 00000000 External STDCALL
HeapDestroy  . . . . . . . . . .	P Near	 00000000 FLAT	Length= 00000000 External STDCALL
HeapFree . . . . . . . . . . . .	P Near	 00000000 FLAT	Length= 00000000 External STDCALL
HeapSize . . . . . . . . . . . .	P Near	 00000000 FLAT	Length= 00000000 External STDCALL
IsDigit  . . . . . . . . . . . .	P Near	 00000000 FLAT	Length= 00000000 External STDCALL
LocalFree  . . . . . . . . . . .	P Near	 00000000 FLAT	Length= 00000000 External STDCALL
MessageBoxA  . . . . . . . . . .	P Near	 00000000 FLAT	Length= 00000000 External STDCALL
MsgBoxAsk  . . . . . . . . . . .	P Near	 00000000 FLAT	Length= 00000000 External STDCALL
MsgBox . . . . . . . . . . . . .	P Near	 00000000 FLAT	Length= 00000000 External STDCALL
OpenInputFile  . . . . . . . . .	P Near	 00000000 FLAT	Length= 00000000 External STDCALL
ParseDecimal32 . . . . . . . . .	P Near	 00000000 FLAT	Length= 00000000 External STDCALL
ParseInteger32 . . . . . . . . .	P Near	 00000000 FLAT	Length= 00000000 External STDCALL
PeekConsoleInputA  . . . . . . .	P Near	 00000000 FLAT	Length= 00000000 External STDCALL
Random32 . . . . . . . . . . . .	P Near	 00000000 FLAT	Length= 00000000 External STDCALL
RandomRange  . . . . . . . . . .	P Near	 00000000 FLAT	Length= 00000000 External STDCALL
Randomize  . . . . . . . . . . .	P Near	 00000000 FLAT	Length= 00000000 External STDCALL
ReadChar . . . . . . . . . . . .	P Near	 00000000 FLAT	Length= 00000000 External STDCALL
ReadConsoleA . . . . . . . . . .	P Near	 00000000 FLAT	Length= 00000000 External STDCALL
ReadConsoleInputA  . . . . . . .	P Near	 00000000 FLAT	Length= 00000000 External STDCALL
ReadDec  . . . . . . . . . . . .	P Near	 00000000 FLAT	Length= 00000000 External STDCALL
ReadFile . . . . . . . . . . . .	P Near	 00000000 FLAT	Length= 00000000 External STDCALL
ReadFloat  . . . . . . . . . . .	P Near	 00000000 FLAT	Length= 00000000 External STDCALL
ReadFromFile . . . . . . . . . .	P Near	 00000000 FLAT	Length= 00000000 External STDCALL
ReadHex  . . . . . . . . . . . .	P Near	 00000000 FLAT	Length= 00000000 External STDCALL
ReadInt  . . . . . . . . . . . .	P Near	 00000000 FLAT	Length= 00000000 External STDCALL
ReadKeyFlush . . . . . . . . . .	P Near	 00000000 FLAT	Length= 00000000 External STDCALL
ReadKey  . . . . . . . . . . . .	P Near	 00000000 FLAT	Length= 00000000 External STDCALL
ReadString . . . . . . . . . . .	P Near	 00000000 FLAT	Length= 00000000 External STDCALL
SetConsoleCursorInfo . . . . . .	P Near	 00000000 FLAT	Length= 00000000 External STDCALL
SetConsoleCursorPosition . . . .	P Near	 00000000 FLAT	Length= 00000000 External STDCALL
SetConsoleMode . . . . . . . . .	P Near	 00000000 FLAT	Length= 00000000 External STDCALL
SetConsoleScreenBufferSize . . .	P Near	 00000000 FLAT	Length= 00000000 External STDCALL
SetConsoleTextAttribute  . . . .	P Near	 00000000 FLAT	Length= 00000000 External STDCALL
SetConsoleTitleA . . . . . . . .	P Near	 00000000 FLAT	Length= 00000000 External STDCALL
SetConsoleWindowInfo . . . . . .	P Near	 00000000 FLAT	Length= 00000000 External STDCALL
SetFilePointer . . . . . . . . .	P Near	 00000000 FLAT	Length= 00000000 External STDCALL
SetLocalTime . . . . . . . . . .	P Near	 00000000 FLAT	Length= 00000000 External STDCALL
SetTextColor . . . . . . . . . .	P Near	 00000000 FLAT	Length= 00000000 External STDCALL
ShowFPUStack . . . . . . . . . .	P Near	 00000000 FLAT	Length= 00000000 External STDCALL
Sleep  . . . . . . . . . . . . .	P Near	 00000000 FLAT	Length= 00000000 External STDCALL
StrLength  . . . . . . . . . . .	P Near	 00000000 FLAT	Length= 00000000 External STDCALL
Str_compare  . . . . . . . . . .	P Near	 00000000 FLAT	Length= 00000000 External STDCALL
Str_copy . . . . . . . . . . . .	P Near	 00000000 FLAT	Length= 00000000 External STDCALL
Str_length . . . . . . . . . . .	P Near	 00000000 FLAT	Length= 00000000 External STDCALL
Str_trim . . . . . . . . . . . .	P Near	 00000000 FLAT	Length= 00000000 External STDCALL
Str_ucase  . . . . . . . . . . .	P Near	 00000000 FLAT	Length= 00000000 External STDCALL
SystemTimeToFileTime . . . . . .	P Near	 00000000 FLAT	Length= 00000000 External STDCALL
WaitMsg  . . . . . . . . . . . .	P Near	 00000000 FLAT	Length= 00000000 External STDCALL
WriteBinB  . . . . . . . . . . .	P Near	 00000000 FLAT	Length= 00000000 External STDCALL
WriteBin . . . . . . . . . . . .	P Near	 00000000 FLAT	Length= 00000000 External STDCALL
WriteChar  . . . . . . . . . . .	P Near	 00000000 FLAT	Length= 00000000 External STDCALL
WriteConsoleA  . . . . . . . . .	P Near	 00000000 FLAT	Length= 00000000 External STDCALL
WriteConsoleOutputAttribute  . .	P Near	 00000000 FLAT	Length= 00000000 External STDCALL
WriteConsoleOutputCharacterA . .	P Near	 00000000 FLAT	Length= 00000000 External STDCALL
WriteDec . . . . . . . . . . . .	P Near	 00000000 FLAT	Length= 00000000 External STDCALL
WriteFile  . . . . . . . . . . .	P Near	 00000000 FLAT	Length= 00000000 External STDCALL
WriteFloat . . . . . . . . . . .	P Near	 00000000 FLAT	Length= 00000000 External STDCALL
WriteHexB  . . . . . . . . . . .	P Near	 00000000 FLAT	Length= 00000000 External STDCALL
WriteHex . . . . . . . . . . . .	P Near	 00000000 FLAT	Length= 00000000 External STDCALL
WriteInt . . . . . . . . . . . .	P Near	 00000000 FLAT	Length= 00000000 External STDCALL
WriteStackFrameName  . . . . . .	P Near	 00000000 FLAT	Length= 00000000 External STDCALL
WriteStackFrame  . . . . . . . .	P Near	 00000000 FLAT	Length= 00000000 External STDCALL
WriteString  . . . . . . . . . .	P Near	 00000000 FLAT	Length= 00000000 External STDCALL
WriteToFile  . . . . . . . . . .	P Near	 00000000 FLAT	Length= 00000000 External STDCALL
WriteWindowsMsg  . . . . . . . .	P Near	 00000000 FLAT	Length= 00000000 External STDCALL
displayList  . . . . . . . . . .	P Near	 00000127 _TEXT	Length= 00000062 Public STDCALL
  displayLoop  . . . . . . . . .	L Near	 00000147 _TEXT	
  endLoop  . . . . . . . . . . .	L Near	 00000179 _TEXT	
displayMedian  . . . . . . . . .	P Near	 000001AC _TEXT	Length= 0000003D Public STDCALL
fillArray  . . . . . . . . . . .	P Near	 00000101 _TEXT	Length= 00000026 Public STDCALL
  fillLoop . . . . . . . . . . .	L Near	 0000010A _TEXT	
getUserData  . . . . . . . . . .	P Near	 00000099 _TEXT	Length= 00000039 Public STDCALL
introduction . . . . . . . . . .	P Near	 00000075 _TEXT	Length= 00000024 Public STDCALL
main . . . . . . . . . . . . . .	P Near	 00000000 _TEXT	Length= 00000075 Public STDCALL
printf . . . . . . . . . . . . .	P Near	 00000000 FLAT	Length= 00000000 External C
scanf  . . . . . . . . . . . . .	P Near	 00000000 FLAT	Length= 00000000 External C
sortList . . . . . . . . . . . .	P Near	 00000189 _TEXT	Length= 00000023 Public STDCALL
  outerLoop  . . . . . . . . . .	L Near	 00000190 _TEXT	
  innerLoop  . . . . . . . . . .	L Near	 00000194 _TEXT	
  endInnerLoop . . . . . . . . .	L Near	 000001A0 _TEXT	
  endOuterLoop . . . . . . . . .	L Near	 000001A8 _TEXT	
validate . . . . . . . . . . . .	P Near	 000000D2 _TEXT	Length= 0000002F Public STDCALL
  validationLoop . . . . . . . .	L Near	 000000D2 _TEXT	
  outOfRange . . . . . . . . . .	L Near	 000000EF _TEXT	
  endValidationLoop  . . . . . .	L Near	 00000100 _TEXT	
wsprintfA  . . . . . . . . . . .	P Near	 00000000 FLAT	Length= 00000000 External C


Symbols:

                N a m e                 Type     Value    Attr

@CodeSize  . . . . . . . . . . .	Number	 00000000h   
@DataSize  . . . . . . . . . . .	Number	 00000000h   
@Interface . . . . . . . . . . .	Number	 00000003h   
@Model . . . . . . . . . . . . .	Number	 00000007h   
@code  . . . . . . . . . . . . .	Text   	 _TEXT
@data  . . . . . . . . . . . . .	Text   	 FLAT
@fardata?  . . . . . . . . . . .	Text   	 FLAT
@fardata . . . . . . . . . . . .	Text   	 FLAT
@stack . . . . . . . . . . . . .	Text   	 FLAT
ALT_MASK . . . . . . . . . . . .	Number	 00000003h   
CAPSLOCK_ON  . . . . . . . . . .	Number	 00000080h   
CREATE_ALWAYS  . . . . . . . . .	Number	 00000002h   
CREATE_NEW . . . . . . . . . . .	Number	 00000001h   
CTRL_MASK  . . . . . . . . . . .	Number	 0000000Ch   
CreateFile . . . . . . . . . . .	Text   	 CreateFileA
DO_NOT_SHARE . . . . . . . . . .	Number	 00000000h   
ENABLE_ECHO_INPUT  . . . . . . .	Number	 00000004h   
ENABLE_LINE_INPUT  . . . . . . .	Number	 00000002h   
ENABLE_MOUSE_INPUT . . . . . . .	Number	 00000010h   
ENABLE_PROCESSED_INPUT . . . . .	Number	 00000001h   
ENABLE_PROCESSED_OUTPUT  . . . .	Number	 00000001h   
ENABLE_WINDOW_INPUT  . . . . . .	Number	 00000008h   
ENABLE_WRAP_AT_EOL_OUTPUT  . . .	Number	 00000002h   
ENHANCED_KEY . . . . . . . . . .	Number	 00000100h   
FALSE  . . . . . . . . . . . . .	Number	 00000000h   
FILE_APPEND_DATA . . . . . . . .	Number	 00000004h   
FILE_ATTRIBUTE_ARCHIVE . . . . .	Number	 00000020h   
FILE_ATTRIBUTE_COMPRESSED  . . .	Number	 00000800h   
FILE_ATTRIBUTE_DEVICE  . . . . .	Number	 00000040h   
FILE_ATTRIBUTE_DIRECTORY . . . .	Number	 00000010h   
FILE_ATTRIBUTE_ENCRYPTED . . . .	Number	 00004000h   
FILE_ATTRIBUTE_HIDDEN  . . . . .	Number	 00000002h   
FILE_ATTRIBUTE_NORMAL  . . . . .	Number	 00000080h   
FILE_ATTRIBUTE_NOT_CONTENT_INDEXED .	Number	 00002000h   
FILE_ATTRIBUTE_OFFLINE . . . . .	Number	 00001000h   
FILE_ATTRIBUTE_READONLY  . . . .	Number	 00000001h   
FILE_ATTRIBUTE_REPARSE_POINT . .	Number	 00000400h   
FILE_ATTRIBUTE_SPARSE_FILE . . .	Number	 00000200h   
FILE_ATTRIBUTE_SYSTEM  . . . . .	Number	 00000004h   
FILE_ATTRIBUTE_TEMPORARY . . . .	Number	 00000100h   
FILE_BEGIN . . . . . . . . . . .	Number	 00000000h   
FILE_CURRENT . . . . . . . . . .	Number	 00000001h   
FILE_DELETE_CHILD  . . . . . . .	Number	 00000040h   
FILE_END . . . . . . . . . . . .	Number	 00000002h   
FILE_READ_DATA . . . . . . . . .	Number	 00000001h   
FILE_SHARE_DELETE  . . . . . . .	Number	 00000004h   
FILE_SHARE_READ  . . . . . . . .	Number	 00000001h   
FILE_SHARE_WRITE . . . . . . . .	Number	 00000002h   
FILE_WRITE_DATA  . . . . . . . .	Number	 00000002h   
FOCUS_EVENT  . . . . . . . . . .	Number	 00000010h   
FORMAT_MESSAGE_ALLOCATE_BUFFER .	Number	 00000100h   
FORMAT_MESSAGE_FROM_SYSTEM . . .	Number	 00001000h   
FormatMessage  . . . . . . . . .	Text   	 FormatMessageA
GENERIC_ALL  . . . . . . . . . .	Number	 10000000h   
GENERIC_EXECUTE  . . . . . . . .	Number	 20000000h   
GENERIC_READ . . . . . . . . . .	Number	 -80000000h   
GENERIC_WRITE  . . . . . . . . .	Number	 40000000h   
GetCommandLine . . . . . . . . .	Text   	 GetCommandLineA
HANDLE . . . . . . . . . . . . .	Text   	 DWORD
HEAP_GENERATE_EXCEPTIONS . . . .	Number	 00000004h   
HEAP_GROWABLE  . . . . . . . . .	Number	 00000002h   
HEAP_NO_SERIALIZE  . . . . . . .	Number	 00000001h   
HEAP_REALLOC_IN_PLACE_ONLY . . .	Number	 00000010h   
HEAP_ZERO_MEMORY . . . . . . . .	Number	 00000008h   
HI . . . . . . . . . . . . . . .	Number	 000003E7h   
IDABORT  . . . . . . . . . . . .	Number	 00000003h   
IDCANCEL . . . . . . . . . . . .	Number	 00000002h   
IDCLOSE  . . . . . . . . . . . .	Number	 00000008h   
IDCONTINUE . . . . . . . . . . .	Number	 0000000Bh   
IDHELP . . . . . . . . . . . . .	Number	 00000009h   
IDIGNORE . . . . . . . . . . . .	Number	 00000005h   
IDNO . . . . . . . . . . . . . .	Number	 00000007h   
IDOK . . . . . . . . . . . . . .	Number	 00000001h   
IDRETRY  . . . . . . . . . . . .	Number	 00000004h   
IDTIMEOUT  . . . . . . . . . . .	Number	 00007D00h   
IDTRYAGAIN . . . . . . . . . . .	Number	 0000000Ah   
IDYES  . . . . . . . . . . . . .	Number	 00000006h   
INVALID_HANDLE_VALUE . . . . . .	Number	 -00000001h   
KBDOWN_FLAG  . . . . . . . . . .	Number	 00000001h   
KEY_EVENT  . . . . . . . . . . .	Number	 00000001h   
KEY_MASKS  . . . . . . . . . . .	Number	 0000001Fh   
LEFT_ALT_PRESSED . . . . . . . .	Number	 00000002h   
LEFT_CTRL_PRESSED  . . . . . . .	Number	 00000008h   
LO . . . . . . . . . . . . . . .	Number	 00000064h   
MAX  . . . . . . . . . . . . . .	Number	 000000C8h   
MB_ABORTRETRYIGNORE  . . . . . .	Number	 00000002h   
MB_APPLMODAL . . . . . . . . . .	Number	 00000000h   
MB_CANCELTRYCONTINUE . . . . . .	Number	 00000006h   
MB_DEFBUTTON1  . . . . . . . . .	Number	 00000000h   
MB_DEFBUTTON2  . . . . . . . . .	Number	 00000100h   
MB_DEFBUTTON3  . . . . . . . . .	Number	 00000200h   
MB_DEFBUTTON4  . . . . . . . . .	Number	 00000300h   
MB_HELP  . . . . . . . . . . . .	Number	 00004000h   
MB_ICONASTERISK  . . . . . . . .	Number	 00000040h   
MB_ICONERROR . . . . . . . . . .	Number	 00000010h   
MB_ICONEXCLAMATION . . . . . . .	Number	 00000030h   
MB_ICONHAND  . . . . . . . . . .	Number	 00000010h   
MB_ICONINFORMATION . . . . . . .	Number	 00000040h   
MB_ICONQUESTION  . . . . . . . .	Number	 00000020h   
MB_ICONSTOP  . . . . . . . . . .	Number	 00000010h   
MB_ICONWARNING . . . . . . . . .	Number	 00000030h   
MB_OKCANCEL  . . . . . . . . . .	Number	 00000001h   
MB_OK  . . . . . . . . . . . . .	Number	 00000000h   
MB_RETRYCANCEL . . . . . . . . .	Number	 00000005h   
MB_SYSTEMMODAL . . . . . . . . .	Number	 00001000h   
MB_TASKMODAL . . . . . . . . . .	Number	 00002000h   
MB_USERICON  . . . . . . . . . .	Number	 00000080h   
MB_YESNOCANCEL . . . . . . . . .	Number	 00000003h   
MB_YESNO . . . . . . . . . . . .	Number	 00000004h   
MENU_EVENT . . . . . . . . . . .	Number	 00000008h   
MIN  . . . . . . . . . . . . . .	Number	 0000000Ah   
MOUSE_EVENT  . . . . . . . . . .	Number	 00000002h   
MessageBox . . . . . . . . . . .	Text   	 MessageBoxA
NULL . . . . . . . . . . . . . .	Number	 00000000h   
NUMLOCK_ON . . . . . . . . . . .	Number	 00000020h   
OPEN_ALWAYS  . . . . . . . . . .	Number	 00000004h   
OPEN_EXISTING  . . . . . . . . .	Number	 00000003h   
PeekConsoleInput . . . . . . . .	Text   	 PeekConsoleInputA
RIGHT_ALT_PRESSED  . . . . . . .	Number	 00000001h   
RIGHT_CTRL_PRESSED . . . . . . .	Number	 00000004h   
ReadConsoleInput . . . . . . . .	Text   	 ReadConsoleInputA
ReadConsole  . . . . . . . . . .	Text   	 ReadConsoleA
SCROLLLOCK_ON  . . . . . . . . .	Number	 00000040h   
SHIFT_MASK . . . . . . . . . . .	Number	 00000010h   
SHIFT_PRESSED  . . . . . . . . .	Number	 00000010h   
STD_ERROR_HANDLE . . . . . . . .	Number	 -0000000Ch   
STD_INPUT_HANDLE . . . . . . . .	Number	 -0000000Ah   
STD_OUTPUT_HANDLE  . . . . . . .	Number	 -0000000Bh   
SetConsoleTitle  . . . . . . . .	Text   	 SetConsoleTitleA
TAB  . . . . . . . . . . . . . .	Number	 00000009h   
TRUE . . . . . . . . . . . . . .	Number	 00000001h   
TRUNCATE_EXISTING  . . . . . . .	Number	 00000005h   
VK_11  . . . . . . . . . . . . .	Number	 000000BDh   
VK_12  . . . . . . . . . . . . .	Number	 000000BBh   
VK_ADD . . . . . . . . . . . . .	Number	 0000006Bh   
VK_BACK  . . . . . . . . . . . .	Number	 00000008h   
VK_CANCEL  . . . . . . . . . . .	Number	 00000003h   
VK_CAPITAL . . . . . . . . . . .	Number	 00000014h   
VK_CLEAR . . . . . . . . . . . .	Number	 0000000Ch   
VK_CONTROL . . . . . . . . . . .	Number	 00000011h   
VK_DECIMAL . . . . . . . . . . .	Number	 0000006Eh   
VK_DELETE  . . . . . . . . . . .	Number	 0000002Eh   
VK_DIVIDE  . . . . . . . . . . .	Number	 0000006Fh   
VK_DOWN  . . . . . . . . . . . .	Number	 00000028h   
VK_END . . . . . . . . . . . . .	Number	 00000023h   
VK_ESCAPE  . . . . . . . . . . .	Number	 0000001Bh   
VK_EXECUTE . . . . . . . . . . .	Number	 0000002Bh   
VK_F10 . . . . . . . . . . . . .	Number	 00000079h   
VK_F11 . . . . . . . . . . . . .	Number	 0000007Ah   
VK_F12 . . . . . . . . . . . . .	Number	 0000007Bh   
VK_F13 . . . . . . . . . . . . .	Number	 0000007Ch   
VK_F14 . . . . . . . . . . . . .	Number	 0000007Dh   
VK_F15 . . . . . . . . . . . . .	Number	 0000007Eh   
VK_F16 . . . . . . . . . . . . .	Number	 0000007Fh   
VK_F17 . . . . . . . . . . . . .	Number	 00000080h   
VK_F18 . . . . . . . . . . . . .	Number	 00000081h   
VK_F19 . . . . . . . . . . . . .	Number	 00000082h   
VK_F1  . . . . . . . . . . . . .	Number	 00000070h   
VK_F20 . . . . . . . . . . . . .	Number	 00000083h   
VK_F21 . . . . . . . . . . . . .	Number	 00000084h   
VK_F22 . . . . . . . . . . . . .	Number	 00000085h   
VK_F23 . . . . . . . . . . . . .	Number	 00000086h   
VK_F24 . . . . . . . . . . . . .	Number	 00000087h   
VK_F2  . . . . . . . . . . . . .	Number	 00000071h   
VK_F3  . . . . . . . . . . . . .	Number	 00000072h   
VK_F4  . . . . . . . . . . . . .	Number	 00000073h   
VK_F5  . . . . . . . . . . . . .	Number	 00000074h   
VK_F6  . . . . . . . . . . . . .	Number	 00000075h   
VK_F7  . . . . . . . . . . . . .	Number	 00000076h   
VK_F8  . . . . . . . . . . . . .	Number	 00000077h   
VK_F9  . . . . . . . . . . . . .	Number	 00000078h   
VK_HELP  . . . . . . . . . . . .	Number	 0000002Fh   
VK_HOME  . . . . . . . . . . . .	Number	 00000024h   
VK_INSERT  . . . . . . . . . . .	Number	 0000002Dh   
VK_LBUTTON . . . . . . . . . . .	Number	 00000001h   
VK_LCONTROL  . . . . . . . . . .	Number	 000000A2h   
VK_LEFT  . . . . . . . . . . . .	Number	 00000025h   
VK_LMENU . . . . . . . . . . . .	Number	 000000A4h   
VK_LSHIFT  . . . . . . . . . . .	Number	 000000A0h   
VK_MENU  . . . . . . . . . . . .	Number	 00000012h   
VK_MULTIPLY  . . . . . . . . . .	Number	 0000006Ah   
VK_NEXT  . . . . . . . . . . . .	Number	 00000022h   
VK_NUMLOCK . . . . . . . . . . .	Number	 00000090h   
VK_NUMPAD0 . . . . . . . . . . .	Number	 00000060h   
VK_NUMPAD1 . . . . . . . . . . .	Number	 00000061h   
VK_NUMPAD2 . . . . . . . . . . .	Number	 00000062h   
VK_NUMPAD3 . . . . . . . . . . .	Number	 00000063h   
VK_NUMPAD4 . . . . . . . . . . .	Number	 00000064h   
VK_NUMPAD5 . . . . . . . . . . .	Number	 00000065h   
VK_NUMPAD6 . . . . . . . . . . .	Number	 00000066h   
VK_NUMPAD7 . . . . . . . . . . .	Number	 00000067h   
VK_NUMPAD8 . . . . . . . . . . .	Number	 00000068h   
VK_NUMPAD9 . . . . . . . . . . .	Number	 00000069h   
VK_PAUSE . . . . . . . . . . . .	Number	 00000013h   
VK_PRINT . . . . . . . . . . . .	Number	 0000002Ah   
VK_PRIOR . . . . . . . . . . . .	Number	 00000021h   
VK_RBUTTON . . . . . . . . . . .	Number	 00000002h   
VK_RCONTROL  . . . . . . . . . .	Number	 000000A3h   
VK_RETURN  . . . . . . . . . . .	Number	 0000000Dh   
VK_RIGHT . . . . . . . . . . . .	Number	 00000027h   
VK_RMENU . . . . . . . . . . . .	Number	 000000A5h   
VK_RSHIFT  . . . . . . . . . . .	Number	 000000A1h   
VK_SCROLL  . . . . . . . . . . .	Number	 00000091h   
VK_SEPARATER . . . . . . . . . .	Number	 0000006Ch   
VK_SHIFT . . . . . . . . . . . .	Number	 00000010h   
VK_SNAPSHOT  . . . . . . . . . .	Number	 0000002Ch   
VK_SPACE . . . . . . . . . . . .	Number	 00000020h   
VK_SUBTRACT  . . . . . . . . . .	Number	 0000006Dh   
VK_TAB . . . . . . . . . . . . .	Number	 00000009h   
VK_UP  . . . . . . . . . . . . .	Number	 00000026h   
WINDOW_BUFFER_SIZE_EVENT . . . .	Number	 00000004h   
WriteConsoleOutputCharacter  . .	Text   	 WriteConsoleOutputCharacterA
WriteConsole . . . . . . . . . .	Text   	 WriteConsoleA
array  . . . . . . . . . . . . .	DWord	 00000183 _DATA	
black  . . . . . . . . . . . . .	Number	 00000000h   
blue . . . . . . . . . . . . . .	Number	 00000001h   
brown  . . . . . . . . . . . . .	Number	 00000006h   
cyan . . . . . . . . . . . . . .	Number	 00000003h   
exit . . . . . . . . . . . . . .	Text   	 INVOKE ExitProcess,0
gray . . . . . . . . . . . . . .	Number	 00000008h   
green  . . . . . . . . . . . . .	Number	 00000002h   
instructions1  . . . . . . . . .	Byte	 00000034 _DATA	
instructions2  . . . . . . . . .	Byte	 00000075 _DATA	
instructions3  . . . . . . . . .	Byte	 000000B4 _DATA	
intro1 . . . . . . . . . . . . .	Byte	 00000000 _DATA	
intro2 . . . . . . . . . . . . .	Byte	 00000017 _DATA	
lightBlue  . . . . . . . . . . .	Number	 00000009h   
lightCyan  . . . . . . . . . . .	Number	 0000000Bh   
lightGray  . . . . . . . . . . .	Number	 00000007h   
lightGreen . . . . . . . . . . .	Number	 0000000Ah   
lightMagenta . . . . . . . . . .	Number	 0000000Dh   
lightRed . . . . . . . . . . . .	Number	 0000000Ch   
lineCounter  . . . . . . . . . .	DWord	 000004A3 _DATA	
magenta  . . . . . . . . . . . .	Number	 00000005h   
median1  . . . . . . . . . . . .	Byte	 00000170 _DATA	
red  . . . . . . . . . . . . . .	Number	 00000004h   
request  . . . . . . . . . . . .	DWord	 0000017F _DATA	
spaces . . . . . . . . . . . . .	Byte	 0000013F _DATA	
titleSorted  . . . . . . . . . .	Byte	 0000015F _DATA	
titleUnsorted  . . . . . . . . .	Byte	 00000143 _DATA	
validate1  . . . . . . . . . . .	Byte	 000000FC _DATA	
validate2  . . . . . . . . . . .	Byte	 00000130 _DATA	
white  . . . . . . . . . . . . .	Number	 0000000Fh   
wsprintf . . . . . . . . . . . .	Text   	 wsprintfA
yellow . . . . . . . . . . . . .	Number	 0000000Eh   

	   0 Warnings
	   0 Errors
